?   	forge/cmd/forge	[no test files]
ok  	forge/internal/agent	(cached)
ok  	forge/internal/agent/format	(cached)
ok  	forge/internal/agent/tools	(cached)
?   	forge/internal/auth	[no test files]
ok  	forge/internal/bootstrap	(cached)
ok  	forge/internal/chatgptauth	(cached)
ok  	forge/internal/chatstate	(cached)
ok  	forge/internal/cli	(cached)
ok  	forge/internal/codexusage	(cached)
ok  	forge/internal/config	(cached)
ok  	forge/internal/copilot	(cached)
?   	forge/internal/fsutil	[no test files]
ok  	forge/internal/gitutil	(cached)
ok  	forge/internal/history	(cached)
ok  	forge/internal/llm	(cached)
ok  	forge/internal/llm/drivers	(cached)
ok  	forge/internal/logger	(cached)
ok  	forge/internal/output	(cached)
?   	forge/internal/prompts	[no test files]
ok  	forge/internal/runtime	(cached)
ok  	forge/internal/session	(cached)
ok  	forge/internal/skills	(cached)
ok  	forge/internal/summarizer	(cached)
ok  	forge/internal/tui	(cached)
